[08:41:34.967] [INFO] storybook v10.3.6
[08:41:35.521] [DEBUG] Getting package.json info for /Users/akagiri/Documents/_private/github/dubStation/package.json...
[08:41:35.523] [WARN] You are currently using Storybook [1m10.3.6[22m but you have packages which are incompatible with it:

- @storybook/addon-essentials@8.6.14 which depends on 8.6.14
 Repo: https://github.com/storybookjs/storybook/tree/next/code/addons/essentials
- @storybook/addon-interactions@8.6.14 which depends on 8.6.14
 Repo: https://github.com/storybookjs/storybook/tree/next/code/addons/interactions

Please consider updating your packages or contacting the maintainers for compatibility details.

For more details on compatibility guidance, see:
https://github.com/storybookjs/storybook/issues/32836
[08:41:36.925] [WARN] 🚨 Unable to index ./stories/FigmaSwitch.stories.ts:
  SyntaxError: Missing semicolon. (19:9)
    at constructor (file:///Users/akagiri/Documents/_private/github/dubStation/node_modules/.pnpm/storybook@10.3.6_@testing-library+dom@10.4.0_react-dom@19.2.5_react@19.2.5__react@19.2.5/node_modules/storybook/dist/_node-chunks/chunk-MKXM7JNE.js:12171:21)
    at Parser.raise (file:///Users/akagiri/Documents/_private/github/dubStation/node_modules/.pnpm/storybook@10.3.6_@testing-library+dom@10.4.0_react-dom@19.2.5_react@19.2.5__react@19.2.5/node_modules/storybook/dist/_node-chunks/chunk-MKXM7JNE.js:16356:71)
    at Parser.semicolon (file:///Users/akagiri/Documents/_private/github/dubStation/node_modules/.pnpm/storybook@10.3.6_@testing-library+dom@10.4.0_react-dom@19.2.5_react@19.2.5__react@19.2.5/node_modules/storybook/dist/_node-chunks/chunk-MKXM7JNE.js:16578:69)
    at Parser.parseExpressionStatement (file:///Users/akagiri/Documents/_private/github/dubStation/node_modules/.pnpm/storybook@10.3.6_@testing-library+dom@10.4.0_react-dom@19.2.5_react@19.2.5__react@19.2.5/node_modules/storybook/dist/_node-chunks/chunk-MKXM7JNE.js:20453:45)
    at Parser.parseStatementContent (file:///Users/akagiri/Documents/_private/github/dubStation/node_modules/.pnpm/storybook@10.3.6_@testing-library+dom@10.4.0_react-dom@19.2.5_react@19.2.5__react@19.2.5/node_modules/storybook/dist/_node-chunks/chunk-MKXM7JNE.js:20272:157)
    at Parser.parseStatementContent (file:///Users/akagiri/Documents/_private/github/dubStation/node_modules/.pnpm/storybook@10.3.6_@testing-library+dom@10.4.0_react-dom@19.2.5_react@19.2.5__react@19.2.5/node_modules/storybook/dist/_node-chunks/chunk-MKXM7JNE.js:18189:22)
    at Parser.parseStatementLike (file:///Users/akagiri/Documents/_private/github/dubStation/node_modules/.pnpm/storybook@10.3.6_@testing-library+dom@10.4.0_react-dom@19.2.5_react@19.2.5__react@19.2.5/node_modules/storybook/dist/_node-chunks/chunk-MKXM7JNE.js:20198:80)
    at Parser.parseStatement (file:///Users/akagiri/Documents/_private/github/dubStation/node_modules/.pnpm/storybook@10.3.6_@testing-library+dom@10.4.0_react-dom@19.2.5_react@19.2.5__react@19.2.5/node_modules/storybook/dist/_node-chunks/chunk-MKXM7JNE.js:20194:21)
    at Parser.parseLabeledStatement (file:///Users/akagiri/Documents/_private/github/dubStation/node_modules/.pnpm/storybook@10.3.6_@testing-library+dom@10.4.0_react-dom@19.2.5_react@19.2.5__react@19.2.5/node_modules/storybook/dist/_node-chunks/chunk-MKXM7JNE.js:20450:101)
    at Parser.parseStatementContent (file:///Users/akagiri/Documents/_private/github/dubStation/node_modules/.pnpm/storybook@10.3.6_@testing-library+dom@10.4.0_react-dom@19.2.5_react@19.2.5__react@19.2.5/node_modules/storybook/dist/_node-chunks/chunk-MKXM7JNE.js:20272:98)
[08:41:36.931] [ERROR] Error: Unable to index ./stories/FigmaSwitch.stories.ts
    at _StoryIndexGenerator.getIndexAndStats (file://./node_modules/.pnpm/storybook@10.3.6_@testing-library+dom@10.4.0_react-dom@19.2.5_react@19.2.5__react@19.2.5/node_modules/storybook/dist/core-server/index.js:6282:15)
    at async _StoryIndexGenerator.getIndex (file://./node_modules/.pnpm/storybook@10.3.6_@testing-library+dom@10.4.0_react-dom@19.2.5_react@19.2.5__react@19.2.5/node_modules/storybook/dist/core-server/index.js:6271:13)
    at async Object.experimental_serverChannel (file://./node_modules/.pnpm/@storybook+addon-vitest@10.3.6_@vitest+browser-playwright@4.1.5_@vitest+browser@4.1.5_@_d65a7c320ef6b358210be347ccdc1f9c/node_modules/@storybook/addon-vitest/dist/preset.js:464:14)
    at async buildDevStandalone (file://./node_modules/.pnpm/storybook@10.3.6_@testing-library+dom@10.4.0_react-dom@19.2.5_react@19.2.5__react@19.2.5/node_modules/storybook/dist/core-server/index.js:8027:32)
    at async withTelemetry (file://./node_modules/.pnpm/storybook@10.3.6_@testing-library+dom@10.4.0_react-dom@19.2.5_react@19.2.5__react@19.2.5/node_modules/storybook/dist/_node-chunks/chunk-UYONHJJP.js:225:12)
    at async dev (file://./node_modules/.pnpm/storybook@10.3.6_@testing-library+dom@10.4.0_react-dom@19.2.5_react@19.2.5__react@19.2.5/node_modules/storybook/dist/bin/core.js:2736:3)
    at async _Command.<anonymous> (file://./node_modules/.pnpm/storybook@10.3.6_@testing-library+dom@10.4.0_react-dom@19.2.5_react@19.2.5__react@19.2.5/node_modules/storybook/dist/bin/core.js:2806:92)
[08:41:36.933] [WARN] Broken build, fix the error above.
You may need to refresh the browser.